[2026-05-11T11:47:28.045Z] GET http://localhost:4322/ → 200 (5ms, 78960B)
[2026-05-11T11:47:28.053Z] GET https://fonts.googleapis.com/css2?family=Inter:wght@300;400;500;600;700;800;900&family=JetBrains+Mono:wght@400;500;700&display=swap → 200 (179ms, 25112B)
[2026-05-11T11:47:28.053Z] GET http://localhost:4322/src/layouts/Base.astro?astro&type=script&index=0&lang.ts → 200 (3ms, 16526B)
[2026-05-11T11:47:28.053Z] GET http://localhost:4322/src/components/Hero.astro?astro&type=script&index=0&lang.ts → 200 (3ms, 10540B)
[2026-05-11T11:47:28.053Z] GET http://localhost:4322/src/components/Projects.astro?astro&type=script&index=0&lang.ts → 200 (3ms, 8764B)
[2026-05-11T11:47:28.053Z] GET http://localhost:4322/src/components/About.astro?astro&type=script&index=0&lang.ts → 200 (13ms, 11551B)
[2026-05-11T11:47:28.054Z] GET http://localhost:4322/src/components/Skills.astro?astro&type=script&index=0&lang.ts → 200 (13ms, 3743B)
[2026-05-11T11:47:28.054Z] GET http://localhost:4322/src/components/Experience.astro?astro&type=script&index=0&lang.ts → 200 (14ms, 6297B)
[2026-05-11T11:47:28.054Z] GET http://localhost:4322/@vite/client → 200 (10ms, 247259B)
[2026-05-11T11:47:28.054Z] GET http://localhost:4322/node_modules/@astrojs/tailwind/base.css → 200 (2ms, 17880B)
[2026-05-11T11:47:28.054Z] GET http://localhost:4322/src/styles/global.css → 200 (13ms, 22404B)
[2026-05-11T11:47:28.054Z] GET http://localhost:4322/src/layouts/Base.astro?astro&type=style&index=0&lang.css → 200 (12ms, 685B)
[2026-05-11T11:47:28.054Z] GET http://localhost:4322/src/components/Hero.astro?astro&type=style&index=0&lang.css → 200 (13ms, 1379B)
[2026-05-11T11:47:28.054Z] GET http://localhost:4322/src/components/Projects.astro?astro&type=style&index=0&lang.css → 200 (14ms, 937B)
[2026-05-11T11:47:28.054Z] GET http://localhost:4322/src/components/About.astro?astro&type=style&index=0&lang.css → 200 (13ms, 767B)
[2026-05-11T11:47:28.055Z] GET http://localhost:4322/src/components/Skills.astro?astro&type=style&index=0&lang.css → 200 (13ms, 664B)
[2026-05-11T11:47:28.055Z] GET http://localhost:4322/src/components/Contact.astro?astro&type=style&index=0&lang.css → 200 (13ms, 828B)
[2026-05-11T11:47:28.055Z] GET http://localhost:4322/img/profile.jpeg → 200 (14ms, 176834B)
[2026-05-11T11:47:28.066Z] GET http://localhost:4322/node_modules/vite/dist/client/env.mjs → 200 (2ms, 4537B)
[2026-05-11T11:47:28.256Z] GET http://localhost:4322/i18n/es.json → 200 (9ms, 5593B)
[2026-05-11T11:47:28.256Z] GET https://fonts.gstatic.com/s/jetbrainsmono/v24/tDbv2o-flEEny0FZhsfKu5WU4zr3E_BX0PnT8RD8yKwBNntkaToggR7BYRbKPxDcwgknk-4.woff2 → 200 (193ms, 31340B)
[2026-05-11T11:47:28.256Z] GET https://fonts.gstatic.com/s/inter/v20/UcC73FwrK3iLTeHuS_nVMrMxCp50SjIa1ZL7W0Q5nw.woff2 → 200 (174ms, 48432B)
